// Jest Snapshot v1, https://goo.gl/fbAQLP

exports[`Utils should return an error if user is not authenticated 1`] = `
Object {
  "data": null,
  "errors": Array [
    [GraphQLError: This may be a CSRF attack, please sign in],
  ],
  "extensions": undefined,
  "http": Object {
    "headers": Headers {
      Symbol(map): Object {},
    },
  },
}
`;

exports[`Utils should return an error if user is not found in the database 1`] = `
Object {
  "data": null,
  "errors": Array [
    [GraphQLError: This may be a CSRF attack, please sign in],
  ],
  "extensions": undefined,
  "http": Object {
    "headers": Headers {
      Symbol(map): Object {},
    },
  },
}
`;
